cargo : warning: associated function `new` is never used
At line:1 char:1
+ cargo test 2>&1 > test_output.txt; tail -100 test_output.txt
+ ~~~~~~~~~~~~~~~~~~~~~~~~~~~~~~~~~
    + CategoryInfo          : NotSpecified: (warning: associ...` is never used:String) [], RemoteException
    + FullyQualifiedErrorId : NativeCommandError
 
  --> src\app.rs:65:12
   |
64 | impl ActiveAnimation {
   | -------------------- associated function in this implementation
65 |     pub fn new(frames: Vec<AnimationFrame>) -> Self {
   |            ^^^
   |
   = note: `#[warn(dead_code)]` (part of `#[warn(unused)]`) on by default

warning: field `pathfinding_cache` is never read
   --> src\app.rs:140:9
    |
110 | pub struct App {
    |            --- field in this struct
...
140 |     pub pathfinding_cache: PathfindingCache,
    |         ^^^^^^^^^^^^^^^^^

warning: methods `roll_random_seed` and `get_ultimate_area` are never used
   --> src\app.rs:280:12
    |
150 | impl App {
    | -------- methods in this implementation
...
280 |     pub fn roll_random_seed(&mut self) {
    |            ^^^^^^^^^^^^^^^^
...
488 |     pub fn get_ultimate_area(&self) -> Vec<(i32, i32)> {
    |            ^^^^^^^^^^^^^^^^^

warning: struct `Colors` is never constructed
 --> src\colors.rs:4:12
  |
4 | pub struct Colors;
  |            ^^^^^^

warning: multiple associated functions are never used
   --> src\colors.rs:8:12
    |
  6 | impl Colors {
    | ----------- associated functions in this implementation
  7 |     // Health colors
  8 |     pub fn health_good() -> Color {
    |            ^^^^^^^^^^^
...
 12 |     pub fn health_warning() -> Color {
    |            ^^^^^^^^^^^^^^
...
 16 |     pub fn health_critical() -> Color {
    |            ^^^^^^^^^^^^^^^
...
 21 |     pub fn gold() -> Color {
    |            ^^^^
...
 25 |     pub fn mana() -> Color {
    |            ^^^^
...
 30 |     pub fn cooldown_attack() -> Color {
    |            ^^^^^^^^^^^^^^^
...
 34 |     pub fn cooldown_dash() -> Color {
    |            ^^^^^^^^^^^^^
...
 38 |     pub fn cooldown_bow() -> Color {
    |            ^^^^^^^^^^^^
...
 42 |     pub fn cooldown_block() -> Color {
    |            ^^^^^^^^^^^^^^
...
 47 |     pub fn text_normal() -> Color {
    |            ^^^^^^^^^^^
...
 51 |     pub fn text_highlight() -> Color {
    |            ^^^^^^^^^^^^^^
...
 55 |     pub fn text_error() -> Color {
    |            ^^^^^^^^^^
...
 59 |     pub fn text_success() -> Color {
    |            ^^^^^^^^^^^^
...
 63 |     pub fn background_dark() -> Color {
    |            ^^^^^^^^^^^^^^^
...
 67 |     pub fn border() -> Color {
    |            ^^^^^^
...
 71 |     pub fn pulse_bright() -> Color {
    |            ^^^^^^^^^^^^
...
 75 |     pub fn pulse_dim() -> Color {
    |            ^^^^^^^^^
...
 80 |     pub fn attack_area() -> Color {
    |            ^^^^^^^^^^^
...
 84 |     pub fn ultimate_area() -> Color {
    |            ^^^^^^^^^^^^^
...
 89 |     pub fn item_common() -> Color {
    |            ^^^^^^^^^^^
...
 93 |     pub fn item_uncommon() -> Color {
    |            ^^^^^^^^^^^^^
...
 97 |     pub fn item_rare() -> Color {
    |            ^^^^^^^^^
...
101 |     pub fn item_epic() -> Color {
    |            ^^^^^^^^^
...
105 |     pub fn item_legendary() -> Color {
    |            ^^^^^^^^^^^^^^
...
110 |     pub fn effect_poison() -> Color {
    |            ^^^^^^^^^^^^^
...
114 |     pub fn effect_burn() -> Color {
    |            ^^^^^^^^^^^
...
118 |     pub fn effect_bleed() -> Color {
    |            ^^^^^^^^^^^^
...
122 |     pub fn effect_stun() -> Color {
    |            ^^^^^^^^^^^
...
127 |     pub fn particle_impact() -> Color {
    |            ^^^^^^^^^^^^^^^
...
131 |     pub fn particle_crit() -> Color {
    |            ^^^^^^^^^^^^^
...
135 |     pub fn particle_heal() -> Color {
    |            ^^^^^^^^^^^^^
...
139 |     pub fn particle_buff() -> Color {
    |            ^^^^^^^^^^^^^

warning: constant `FLOOR_WIDTH` is never used
 --> src\constants.rs:7:11
  |
7 | pub const FLOOR_WIDTH: i32 = 180;
  |           ^^^^^^^^^^^

warning: constant `FLOOR_HEIGHT` is never used
 --> src\constants.rs:8:11
  |
8 | pub const FLOOR_HEIGHT: i32 = 60;
  |           ^^^^^^^^^^^^

warning: constant `DEFAULT_SEED` is never used
 --> src\constants.rs:9:11
  |
9 | pub const DEFAULT_SEED: u64 = 12345;
  |           ^^^^^^^^^^^^

warning: constant `FILL_PROBABILITY` is never used
  --> src\constants.rs:12:11
   |
12 | pub const FILL_PROBABILITY: u32 = 45; // Percentage chance of wall tile
   |           ^^^^^^^^^^^^^^^^

warning: constant `CELLULAR_AUTOMATA_ITERATIONS` is never used
  --> src\constants.rs:13:11
   |
13 | pub const CELLULAR_AUTOMATA_ITERATIONS: u32 = 5;
   |           ^^^^^^^^^^^^^^^^^^^^^^^^^^^^

warning: constant `CUTOFF_BIG_AREA` is never used
  --> src\constants.rs:14:11
   |
14 | pub const CUTOFF_BIG_AREA: i32 = 3;
   |           ^^^^^^^^^^^^^^^

warning: constant `NEIGHBOR_THRESHOLD_BIG` is never used
  --> src\constants.rs:15:11
   |
15 | pub const NEIGHBOR_THRESHOLD_BIG: u32 = 3;
   |           ^^^^^^^^^^^^^^^^^^^^^^

warning: constant `NEIGHBOR_THRESHOLD_SMALL` is never used
  --> src\constants.rs:16:11
   |
16 | pub const NEIGHBOR_THRESHOLD_SMALL: u32 = 3;
   |           ^^^^^^^^^^^^^^^^^^^^^^^^

warning: constant `ITEMS_PER_FLOOR` is never used
  --> src\constants.rs:19:11
   |
19 | pub const ITEMS_PER_FLOOR: usize = 10;
   |           ^^^^^^^^^^^^^^^

warning: constant `ENEMY_SPAWN_RADIUS` is never used
  --> src\constants.rs:20:11
   |
20 | pub const ENEMY_SPAWN_RADIUS: i32 = 20;
   |           ^^^^^^^^^^^^^^^^^^

warning: constant `ENEMY_BASE_HEALTH` is never used
  --> src\constants.rs:32:11
   |
32 | pub const ENEMY_BASE_HEALTH: i32 = 20;
   |           ^^^^^^^^^^^^^^^^^

warning: constant `FIGHTER_BASE_GOLD` is never used
  --> src\constants.rs:33:11
   |
33 | pub const FIGHTER_BASE_GOLD: u32 = 10;
   |           ^^^^^^^^^^^^^^^^^

warning: constant `GUARD_BASE_GOLD` is never used
  --> src\constants.rs:34:11
   |
34 | pub const GUARD_BASE_GOLD: u32 = 15;
   |           ^^^^^^^^^^^^^^^

warning: constant `CHAMPION_BASE_GOLD` is never used
  --> src\constants.rs:35:11
   |
35 | pub const CHAMPION_BASE_GOLD: u32 = 25;
   |           ^^^^^^^^^^^^^^^^^^

warning: constant `ELITE_BASE_GOLD` is never used
  --> src\constants.rs:36:11
   |
36 | pub const ELITE_BASE_GOLD: u32 = 50;
   |           ^^^^^^^^^^^^^^^

warning: constant `BOSS_BASE_GOLD` is never used
  --> src\constants.rs:37:11
   |
37 | pub const BOSS_BASE_GOLD: u32 = 150;
   |           ^^^^^^^^^^^^^^

warning: constant `ARROW_SPEED` is never used
  --> src\constants.rs:40:11
   |
40 | pub const ARROW_SPEED: f32 = 8.0;
   |           ^^^^^^^^^^^

warning: constant `ARROW_MAX_DISTANCE` is never used
  --> src\constants.rs:41:11
   |
41 | pub const ARROW_MAX_DISTANCE: f32 = 50.0;
   |           ^^^^^^^^^^^^^^^^^^

warning: constant `THROW_SPEED` is never used
  --> src\constants.rs:42:11
   |
42 | pub const THROW_SPEED: f32 = 10.0;
   |           ^^^^^^^^^^^

warning: constant `FIRE_OIL_IMPACT_RADIUS` is never used
  --> src\constants.rs:43:11
   |
43 | pub const FIRE_OIL_IMPACT_RADIUS: i32 = 4;
   |           ^^^^^^^^^^^^^^^^^^^^^^

warning: constant `CAMERA_SMOOTH_FACTOR` is never used
  --> src\constants.rs:46:11
   |
46 | pub const CAMERA_SMOOTH_FACTOR: f32 = 0.1;
   |           ^^^^^^^^^^^^^^^^^^^^

warning: constant `HEALTH_BAR_WIDTH` is never used
  --> src\constants.rs:49:11
   |
49 | pub const HEALTH_BAR_WIDTH: u16 = 20;
   |           ^^^^^^^^^^^^^^^^

warning: constant `INVENTORY_MAX_ITEMS` is never used
  --> src\constants.rs:50:11
   |
50 | pub const INVENTORY_MAX_ITEMS: usize = 5;
   |           ^^^^^^^^^^^^^^^^^^^

warning: constant `COOLDOWN_BAR_HEIGHT` is never used
  --> src\constants.rs:61:11
   |
61 | pub const COOLDOWN_BAR_HEIGHT: u16 = 3;
   |           ^^^^^^^^^^^^^^^^^^^

warning: constant `COLOR_HEALTH_GOOD` is never used
  --> src\constants.rs:64:11
   |
64 | pub const COLOR_HEALTH_GOOD: &str = "green";
   |           ^^^^^^^^^^^^^^^^^

warning: constant `COLOR_HEALTH_WARNING` is never used
  --> src\constants.rs:65:11
   |
65 | pub const COLOR_HEALTH_WARNING: &str = "yellow";
   |           ^^^^^^^^^^^^^^^^^^^^

warning: constant `COLOR_HEALTH_CRITICAL` is never used
  --> src\constants.rs:66:11
   |
66 | pub const COLOR_HEALTH_CRITICAL: &str = "red";
   |           ^^^^^^^^^^^^^^^^^^^^^

warning: constant `COLOR_GOLD` is never used
  --> src\constants.rs:67:11
   |
67 | pub const COLOR_GOLD: &str = "yellow";
   |           ^^^^^^^^^^

warning: constant `COLOR_ATTACK` is never used
  --> src\constants.rs:68:11
   |
68 | pub const COLOR_ATTACK: &str = "red";
   |           ^^^^^^^^^^^^

warning: constant `COLOR_DASH` is never used
  --> src\constants.rs:69:11
   |
69 | pub const COLOR_DASH: &str = "magenta";
   |           ^^^^^^^^^^

warning: constant `COLOR_BOW` is never used
  --> src\constants.rs:70:11
   |
70 | pub const COLOR_BOW: &str = "cyan";
   |           ^^^^^^^^^

warning: constant `COLOR_BLOCK` is never used
  --> src\constants.rs:71:11
   |
71 | pub const COLOR_BLOCK: &str = "blue";
   |           ^^^^^^^^^^^

warning: field `projectile_type` is never read
  --> src\model\arrow.rs:19:9
   |
10 | pub struct Arrow {
   |            ----- field in this struct
...
19 |     pub projectile_type: ProjectileType,
   |         ^^^^^^^^^^^^^^^
   |
   = note: `Arrow` has derived impls for the traits `Debug` and `Clone`, but these are intentionally ignored during dead code analysis

warning: methods `get_impact_radius` and `get_impact_area` are never used
   --> src\model\arrow.rs:96:12
    |
 22 | impl Arrow {
    | ---------- methods in this implementation
...
 96 |     pub fn get_impact_radius(&self) -> i32 {
    |            ^^^^^^^^^^^^^^^^^
...
104 |     pub fn get_impact_area(&self) -> Vec<(i32, i32)> {
    |            ^^^^^^^^^^^^^^^

warning: methods `name`, `description`, and `weapon_type` are never used
   --> src\model\attack_pattern.rs:937:12
    |
 63 | impl AttackPattern {
    | ------------------ methods in this implementation
...
937 |     pub fn name(&self) -> &str {
    |            ^^^^
...
957 |     pub fn description(&self) -> String {
    |            ^^^^^^^^^^^
...
991 |     pub fn weapon_type(&self) -> &str {
    |            ^^^^^^^^^^^

warning: field `speed` is never read
  --> src\model\character.rs:11:9
   |
10 | pub struct Character {
   |            --------- field in this struct
11 |     pub speed: f32,
   |         ^^^^^
   |
   = note: `Character` has derived impls for the traits `Debug` and `Clone`, but these are intentionally ignored during dead code analysis

warning: multiple associated items are never used
   --> src\model\character.rs:94:12
    |
 93 | impl Character {
    | -------------- associated items in this implementation
 94 |     pub fn new(speed: f32) -> Self {
    |            ^^^
...
187 |     pub fn is_alive(&self) -> bool {
    |            ^^^^^^^^
...
191 |     pub fn get_health_percentage(&self) -> f32 {
    |            ^^^^^^^^^^^^^^^^^^^^^
...
203 |     pub fn spend_gold(&mut self, amount: u32) -> bool {
    |            ^^^^^^^^^^
...
212 |     pub fn get_gold(&self) -> u32 {
    |            ^^^^^^^^
...
217 |     pub fn apply_consumable(&mut self, consumable_type: &ConsumableType) {
    |            ^^^^^^^^^^^^^^^^
...
256 |     pub fn apply_healing_effects(&mut self, delta: f32) {
    |            ^^^^^^^^^^^^^^^^^^^^^
...
271 |     pub fn get_total_attack_damage(&self) -> i32 {
    |            ^^^^^^^^^^^^^^^^^^^^^^^
...
281 |     pub fn get_attack_radius_bonus(&self) -> i32 {
    |            ^^^^^^^^^^^^^^^^^^^^^^^
...
289 |     pub fn calculate_ultimate_damage(&self) -> i32 {
    |            ^^^^^^^^^^^^^^^^^^^^^^^^^
...
297 |     pub fn get_ultimate_radius(&self) -> i32 {
    |            ^^^^^^^^^^^^^^^^^^^

warning: multiple associated items are never used
  --> src\model\collision.rs:13:12
   |
12 | impl SpatialHash {
   | ---------------- associated items in this implementation
13 |     pub fn new(cell_size: i32) -> Self {
   |            ^^^
...
21 |     fn get_cell(&self, x: i32, y: i32) -> (i32, i32) {
   |        ^^^^^^^^
...
26 |     pub fn insert(&mut self, x: i32, y: i32) {
   |            ^^^^^^
...
32 |     pub fn query_radius(&self, cx: i32, cy: i32, radius: i32) -> Vec<(i32, i32)> {
   |            ^^^^^^^^^^^^
...
56 |     pub fn clear(&mut self) {
   |            ^^^^^
...
61 |     pub fn len(&self) -> usize {
   |            ^^^
...
66 |     pub fn is_empty(&self) -> bool {
   |            ^^^^^^^^

warning: methods `get_healing` and `get_use_time` are never used
  --> src\model\consumable.rs:57:12
   |
20 | impl Consumable {
   | --------------- methods in this implementation
...
57 |     pub fn get_healing(&self) -> Option<(f32, f32)> {
   |            ^^^^^^^^^^^
...
67 |     pub fn get_use_time(&self) -> f32 {
   |            ^^^^^^^^^^^^

warning: methods `get_item`, `len`, and `is_empty` are never used
   --> src\model\consumable.rs:122:12
    |
 93 | impl ConsumableInventory {
    | ------------------------ methods in this implementation
...
122 |     pub fn get_item(&self, index: usize) -> Option<&Consumable> {
    |            ^^^^^^^^
...
126 |     pub fn len(&self) -> usize {
    |            ^^^
...
130 |     pub fn is_empty(&self) -> bool {
    |            ^^^^^^^^

warning: methods `progress`, `reset`, and `set_duration` are never used
  --> src\model\cooldown.rs:43:12
   |
13 | impl Cooldown {
   | ------------- methods in this implementation
...
43 |     pub fn progress(&self) -> f32 {
   |            ^^^^^^^^
...
59 |     pub fn reset(&mut self) {
   |            ^^^^^
...
64 |     pub fn set_duration(&mut self, duration: f32) {
   |            ^^^^^^^^^^^^

warning: struct `DamageCalculator` is never constructed
 --> src\model\damage_calculator.rs:6:12
  |
6 | pub struct DamageCalculator;
  |            ^^^^^^^^^^^^^^^^

warning: struct `DamageRequest` is never constructed
  --> src\model\damage_calculator.rs:10:12
   |
10 | pub struct DamageRequest {
   |            ^^^^^^^^^^^^^

warning: struct `DamageResult` is never constructed
  --> src\model\damage_calculator.rs:21:12
   |
21 | pub struct DamageResult {
   |            ^^^^^^^^^^^^

warning: associated functions `calculate_async`, `calculate_sync`, and `calculate_damage` are never used
  --> src\model\damage_calculator.rs:30:12
   |
27 | impl DamageCalculator {
   | --------------------- associated functions in this implementation
...
30 |     pub fn calculate_async(request: DamageRequest) -> mpsc::Receiver<DamageResult> {
   |            ^^^^^^^^^^^^^^^
...
42 |     pub fn calculate_sync(request: &DamageRequest) -> DamageResult {
   |            ^^^^^^^^^^^^^^
...
47 |     fn calculate_damage(request: &DamageRequest) -> DamageResult {
   |        ^^^^^^^^^^^^^^^^

warning: function `calculate_batch_damage_async` is never used
   --> src\model\damage_calculator.rs:103:8
    |
103 | pub fn calculate_batch_damage_async(
    |        ^^^^^^^^^^^^^^^^^^^^^^^^^^^^

warning: function `collect_damage_results` is never used
   --> src\model\damage_calculator.rs:113:8
    |
113 | pub fn collect_damage_results(
    |        ^^^^^^^^^^^^^^^^^^^^^^

warning: multiple associated items are never used
   --> src\model\enemy.rs:92:12
    |
 43 | impl Enemy {
    | ---------- associated items in this implementation
...
 92 |     pub fn set_max_range(&mut self, radius: i32) {
    |            ^^^^^^^^^^^^^
...
 97 |     pub fn can_move_to(&self, x: i32, y: i32, floor: &crate::model::floor::Floor) -> bool {
    |            ^^^^^^^^^^^
...
120 |     pub fn move_toward(&mut self, target: &Position, floor: &crate::model::floor::Floor) -> bool {
    |            ^^^^^^^^^^^
...
146 |     pub fn wander(&mut self, floor: &crate::model::floor::Floor) -> bool {
    |            ^^^^^^
...
186 |     fn find_path(
    |        ^^^^^^^^^
...
252 |     fn heuristic(&self, a: &Position, b: &Position) -> i32 {
    |        ^^^^^^^^^
...
257 |     fn reconstruct_path(
    |        ^^^^^^^^^^^^^^^^
...
284 |     pub fn find_spawn_positions(
    |            ^^^^^^^^^^^^^^^^^^^^
...
361 |     pub fn is_spawn_valid(
    |            ^^^^^^^^^^^^^^

warning: methods `num_attacks`, `has_ultimate`, and `num_buffs` are never used
  --> src\model\enemy_type.rs:16:12
   |
15 | impl EnemyRarity {
   | ---------------- methods in this implementation
16 |     pub fn num_attacks(&self) -> usize {
   |            ^^^^^^^^^^^
...
26 |     pub fn has_ultimate(&self) -> bool {
   |            ^^^^^^^^^^^^
...
33 |     pub fn num_buffs(&self) -> usize {
   |            ^^^^^^^^^

warning: methods `damage_multiplier` and `passes_through_walls` are never used
   --> src\model\enemy_type.rs:103:12
    |
101 | impl EnemyType {
    | -------------- methods in this implementation
102 |     /// Ghosts take reduced physical damage and no wall collision
103 |     pub fn damage_multiplier(&self, damage_type: &AttackType) -> f32 {
    |            ^^^^^^^^^^^^^^^^^
...
123 |     pub fn passes_through_walls(&self) -> bool {
    |            ^^^^^^^^^^^^^^^^^^^^

warning: methods `damage`, `is_available`, `use_attack`, `update_cooldown`, and `cooldown_percent` are never used
   --> src\model\enemy_type.rs:154:12
    |
153 | impl EnemyAttack {
    | ---------------- methods in this implementation
154 |     pub fn damage(&self) -> i32 {
    |            ^^^^^^
...
159 |     pub fn is_available(&self) -> bool {
    |            ^^^^^^^^^^^^
...
163 |     pub fn use_attack(&mut self) {
    |            ^^^^^^^^^^
...
167 |     pub fn update_cooldown(&mut self, delta_time: f32) {
    |            ^^^^^^^^^^^^^^^
...
171 |     pub fn cooldown_percent(&self) -> f32 {
    |            ^^^^^^^^^^^^^^^^

warning: methods `name` and `description` are never used
   --> src\model\enemy_type.rs:200:12
    |
199 | impl EnemyBuff {
    | -------------- methods in this implementation
200 |     pub fn name(&self) -> &str {
    |            ^^^^
...
212 |     pub fn description(&self) -> String {
    |            ^^^^^^^^^^^

warning: method `damage_mult` is never used
   --> src\model\enemy_type.rs:247:12
    |
246 | impl UltimatePower {
    | ------------------ method in this implementation
247 |     pub fn damage_mult(&self) -> f32 {
    |            ^^^^^^^^^^^

warning: methods `is_available`, `use_ultimate`, `update_cooldown`, and `cooldown_percent` are never used
   --> src\model\enemy_type.rs:257:12
    |
256 | impl EnemyUltimate {
    | ------------------ methods in this implementation
257 |     pub fn is_available(&self) -> bool {
    |            ^^^^^^^^^^^^
...
261 |     pub fn use_ultimate(&mut self) {
    |            ^^^^^^^^^^^^
...
265 |     pub fn update_cooldown(&mut self, delta_time: f32) {
    |            ^^^^^^^^^^^^^^^
...
269 |     pub fn cooldown_percent(&self) -> f32 {
    |            ^^^^^^^^^^^^^^^^

warning: associated items `consumable` and `get_description` are never used
   --> src\model\item.rs:23:12
    |
 22 | impl ItemDrop {
    | ------------- associated items in this implementation
 23 |     pub fn consumable(consumable: Consumable, x: i32, y: i32) -> Self {
    |            ^^^^^^^^^^
...
115 |     pub fn get_description(&self) -> String {
    |            ^^^^^^^^^^^^^^^

warning: methods `name` and `color_code` are never used
  --> src\model\item_rarity.rs:16:12
   |
15 | impl ItemRarity {
   | --------------- methods in this implementation
16 |     pub fn name(&self) -> &'static str {
   |            ^^^^
...
28 |     pub fn color_code(&self) -> &'static str {
   |            ^^^^^^^^^^

warning: method `get_alpha` is never used
  --> src\model\particle.rs:29:12
   |
13 | impl Particle {
   | ------------- method in this implementation
...
29 |     pub fn get_alpha(&self) -> f32 {
   |            ^^^^^^^^^

warning: fields `cache` and `max_size` are never read
  --> src\model\pathfinding_cache.rs:14:5
   |
11 | pub struct PathfindingCache {
   |            ---------------- fields in this struct
...
14 |     cache: HashMap<CacheKey, CacheValue>,
   |     ^^^^^
15 |     max_size: usize,
   |     ^^^^^^^^
   |
   = note: `PathfindingCache` has derived impls for the traits `Debug` and `Clone`, but these are intentionally ignored during dead code 
analysis

warning: methods `get`, `set`, `clear`, and `stats` are never used
  --> src\model\pathfinding_cache.rs:27:12
   |
18 | impl PathfindingCache {
   | --------------------- methods in this implementation
...
27 |     pub fn get(&self, from: &Position, to: &Position) -> Option<Option<(i32, i32)>> {
   |            ^^^
...
32 |     pub fn set(&mut self, from: &Position, to: &Position, next_step: Option<(i32, i32)>) {
   |            ^^^
...
41 |     pub fn clear(&mut self) {
   |            ^^^^^
...
46 |     pub fn stats(&self) -> CacheStats {
   |            ^^^^^

warning: multiple associated items are never used
   --> src\model\reach_shape.rs:29:12
    |
 25 | impl ReachShape {
    | --------------- associated items in this implementation
...
 29 |     pub fn get_affected_tiles(
    |            ^^^^^^^^^^^^^^^^^^
...
 45 |     fn line_tiles(length: i32, direction: (i32, i32), player_pos: (i32, i32)) -> Vec<(i32, i32)> {
    |        ^^^^^^^^^^
...
 59 |     fn cone_tiles(depth: i32, direction: (i32, i32), player_pos: (i32, i32)) -> Vec<(i32, i32)> {
    |        ^^^^^^^^^^
...
 91 |     fn arc_tiles(direction: (i32, i32), player_pos: (i32, i32)) -> Vec<(i32, i32)> {
    |        ^^^^^^^^^
...
115 |     fn cross_tiles(player_pos: (i32, i32)) -> Vec<(i32, i32)> {
    |        ^^^^^^^^^^^
...
126 |     fn area_tiles(player_pos: (i32, i32)) -> Vec<(i32, i32)> {
    |        ^^^^^^^^^^
...
137 |     fn self_tiles(player_pos: (i32, i32)) -> Vec<(i32, i32)> {
    |        ^^^^^^^^^^
...
148 |     pub fn name(&self) -> &str {
    |            ^^^^

warning: associated functions `new`, `bleed_with_stacks`, `poison`, `burn`, and `stun` are never used
  --> src\model\status_effect.rs:24:12
   |
23 | impl StatusEffect {
   | ----------------- associated functions in this implementation
24 |     pub fn new(effect_type: StatusEffectType, duration: f32) -> Self {
   |            ^^^
...
44 |     pub fn bleed_with_stacks(stacks: u32) -> Self {
   |            ^^^^^^^^^^^^^^^^^
...
53 |     pub fn poison(duration: f32) -> Self {
   |            ^^^^^^
...
62 |     pub fn burn(duration: f32) -> Self {
   |            ^^^^
...
71 |     pub fn stun(duration: f32) -> Self {
   |            ^^^^

warning: method `has_effect` is never used
   --> src\model\status_effect.rs:139:12
    |
 95 | impl StatusEffectManager {
    | ------------------------ method in this implementation
...
139 |     pub fn has_effect(&self, effect_type: &StatusEffectType) -> bool {
    |            ^^^^^^^^^^

warning: fields `collision_enabled` and `damage` are never read
  --> src\model\ultimate.rs:13:9
   |
11 | pub struct Ultimate {
   |            -------- fields in this struct
12 |     pub radius: i32,             // Distance/radius of ultimate effect
13 |     pub collision_enabled: bool, // Collides with walls
   |         ^^^^^^^^^^^^^^^^^
...
16 |     pub damage: i32,
   |         ^^^^^^
   |
   = note: `Ultimate` has derived impls for the traits `Debug` and `Clone`, but these are intentionally ignored during dead code analysis

warning: field `reach_shape` is never read
  --> src\model\weapon.rs:31:9
   |
24 | pub struct Weapon {
   |            ------ field in this struct
...
31 |     pub reach_shape: ReachShape,
   |         ^^^^^^^^^^^
   |
   = note: `Weapon` has derived impls for the traits `Debug` and `Clone`, but these are intentionally ignored during dead code analysis

warning: method `is_full` is never used
   --> src\model\weapon.rs:132:12
    |
112 | impl WeaponInventory {
    | -------------------- method in this implementation
...
132 |     pub fn is_full(&self) -> bool {
    |            ^^^^^^^

warning: function `render_dash_cooldown_bar` is never used
  --> src\ui\drawing.rs:90:8
   |
90 | pub fn render_dash_cooldown_bar(
   |        ^^^^^^^^^^^^^^^^^^^^^^^^

   Compiling roguelite_dungeon v0.1.0 (C:\Users\ilaya\roguelite_dungeon-2)
warning: multiple associated functions are never used
   --> src\colors.rs:12:12
    |
  6 | impl Colors {
    | ----------- associated functions in this implementation
...
 12 |     pub fn health_warning() -> Color {
    |            ^^^^^^^^^^^^^^
...
 16 |     pub fn health_critical() -> Color {
    |            ^^^^^^^^^^^^^^^
...
 25 |     pub fn mana() -> Color {
    |            ^^^^
...
 34 |     pub fn cooldown_dash() -> Color {
    |            ^^^^^^^^^^^^^
...
 38 |     pub fn cooldown_bow() -> Color {
    |            ^^^^^^^^^^^^
...
 42 |     pub fn cooldown_block() -> Color {
    |            ^^^^^^^^^^^^^^
...
 51 |     pub fn text_highlight() -> Color {
    |            ^^^^^^^^^^^^^^
...
 55 |     pub fn text_error() -> Color {
    |            ^^^^^^^^^^
...
 59 |     pub fn text_success() -> Color {
    |            ^^^^^^^^^^^^
...
 63 |     pub fn background_dark() -> Color {
    |            ^^^^^^^^^^^^^^^
...
 67 |     pub fn border() -> Color {
    |            ^^^^^^
...
 71 |     pub fn pulse_bright() -> Color {
    |            ^^^^^^^^^^^^
...
 75 |     pub fn pulse_dim() -> Color {
    |            ^^^^^^^^^
...
 80 |     pub fn attack_area() -> Color {
    |            ^^^^^^^^^^^
...
 84 |     pub fn ultimate_area() -> Color {
    |            ^^^^^^^^^^^^^
...
 89 |     pub fn item_common() -> Color {
    |            ^^^^^^^^^^^
...
 93 |     pub fn item_uncommon() -> Color {
    |            ^^^^^^^^^^^^^
...
 97 |     pub fn item_rare() -> Color {
    |            ^^^^^^^^^
...
101 |     pub fn item_epic() -> Color {
    |            ^^^^^^^^^
...
105 |     pub fn item_legendary() -> Color {
    |            ^^^^^^^^^^^^^^
...
110 |     pub fn effect_poison() -> Color {
    |            ^^^^^^^^^^^^^
...
114 |     pub fn effect_burn() -> Color {
    |            ^^^^^^^^^^^
...
118 |     pub fn effect_bleed() -> Color {
    |            ^^^^^^^^^^^^
...
122 |     pub fn effect_stun() -> Color {
    |            ^^^^^^^^^^^
...
127 |     pub fn particle_impact() -> Color {
    |            ^^^^^^^^^^^^^^^
...
131 |     pub fn particle_crit() -> Color {
    |            ^^^^^^^^^^^^^
...
139 |     pub fn particle_buff() -> Color {
    |            ^^^^^^^^^^^^^

warning: associated items `new`, `apply_healing_effects`, `get_attack_radius_bonus`, and `get_ultimate_radius` are never used
   --> src\model\character.rs:94:12
    |
 93 | impl Character {
    | -------------- associated items in this implementation
 94 |     pub fn new(speed: f32) -> Self {
    |            ^^^
...
256 |     pub fn apply_healing_effects(&mut self, delta: f32) {
    |            ^^^^^^^^^^^^^^^^^^^^^
...
281 |     pub fn get_attack_radius_bonus(&self) -> i32 {
    |            ^^^^^^^^^^^^^^^^^^^^^^^
...
297 |     pub fn get_ultimate_radius(&self) -> i32 {
    |            ^^^^^^^^^^^^^^^^^^^

warning: methods `clear`, `len`, and `is_empty` are never used
  --> src\model\collision.rs:56:12
   |
12 | impl SpatialHash {
   | ---------------- methods in this implementation
...
56 |     pub fn clear(&mut self) {
   |            ^^^^^
...
61 |     pub fn len(&self) -> usize {
   |            ^^^
...
66 |     pub fn is_empty(&self) -> bool {
   |            ^^^^^^^^

warning: method `set_duration` is never used
  --> src\model\cooldown.rs:64:12
   |
13 | impl Cooldown {
   | ------------- method in this implementation
...
64 |     pub fn set_duration(&mut self, duration: f32) {
   |            ^^^^^^^^^^^^

warning: field `damage_breakdown` is never read
  --> src\model\damage_calculator.rs:24:9
   |
21 | pub struct DamageResult {
   |            ------------ field in this struct
...
24 |     pub damage_breakdown: String,
   |         ^^^^^^^^^^^^^^^^
   |
   = note: `DamageResult` has derived impls for the traits `Debug` and `Clone`, but these are intentionally ignored during dead code analysis

warning: associated function `calculate_async` is never used
  --> src\model\damage_calculator.rs:30:12
   |
27 | impl DamageCalculator {
   | --------------------- associated function in this implementation
...
30 |     pub fn calculate_async(request: DamageRequest) -> mpsc::Receiver<DamageResult> {
   |            ^^^^^^^^^^^^^^^

warning: multiple associated items are never used
   --> src\model\enemy.rs:97:12
    |
 43 | impl Enemy {
    | ---------- associated items in this implementation
...
 97 |     pub fn can_move_to(&self, x: i32, y: i32, floor: &crate::model::floor::Floor) -> bool {
    |            ^^^^^^^^^^^
...
120 |     pub fn move_toward(&mut self, target: &Position, floor: &crate::model::floor::Floor) -> bool {
    |            ^^^^^^^^^^^
...
146 |     pub fn wander(&mut self, floor: &crate::model::floor::Floor) -> bool {
    |            ^^^^^^
...
186 |     fn find_path(
    |        ^^^^^^^^^
...
252 |     fn heuristic(&self, a: &Position, b: &Position) -> i32 {
    |        ^^^^^^^^^
...
257 |     fn reconstruct_path(
    |        ^^^^^^^^^^^^^^^^
...
284 |     pub fn find_spawn_positions(
    |            ^^^^^^^^^^^^^^^^^^^^
...
361 |     pub fn is_spawn_valid(
    |            ^^^^^^^^^^^^^^

warning: method `passes_through_walls` is never used
   --> src\model\enemy_type.rs:123:12
    |
101 | impl EnemyType {
    | -------------- method in this implementation
...
123 |     pub fn passes_through_walls(&self) -> bool {
    |            ^^^^^^^^^^^^^^^^^^^^

warning: method `color_code` is never used
  --> src\model\item_rarity.rs:28:12
   |
15 | impl ItemRarity {
   | --------------- method in this implementation
...
28 |     pub fn color_code(&self) -> &'static str {
   |            ^^^^^^^^^^

warning: method `stats` is never used
  --> src\model\pathfinding_cache.rs:46:12
   |
18 | impl PathfindingCache {
   | --------------------- method in this implementation
...
46 |     pub fn stats(&self) -> CacheStats {
   |            ^^^^^

warning: method `name` is never used
   --> src\model\reach_shape.rs:148:12
    |
 25 | impl ReachShape {
    | --------------- method in this implementation
...
148 |     pub fn name(&self) -> &str {
    |            ^^^^

warning: associated functions `new`, `poison`, and `stun` are never used
  --> src\model\status_effect.rs:24:12
   |
23 | impl StatusEffect {
   | ----------------- associated functions in this implementation
24 |     pub fn new(effect_type: StatusEffectType, duration: f32) -> Self {
   |            ^^^
...
53 |     pub fn poison(duration: f32) -> Self {
   |            ^^^^^^
...
71 |     pub fn stun(duration: f32) -> Self {
   |            ^^^^

warning: field `collision_enabled` is never read
  --> src\model\ultimate.rs:13:9
   |
11 | pub struct Ultimate {
   |            -------- field in this struct
12 |     pub radius: i32,             // Distance/radius of ultimate effect
13 |     pub collision_enabled: bool, // Collides with walls
   |         ^^^^^^^^^^^^^^^^^
   |
   = note: `Ultimate` has derived impls for the traits `Debug` and `Clone`, but these are intentionally ignored during dead code analysis

warning: `roguelite_dungeon` (bin "roguelite_dungeon") generated 71 warnings
warning: `roguelite_dungeon` (bin "roguelite_dungeon" test) generated 66 warnings (53 duplicates)
error[E0432]: unresolved import `roguelite_dungeon::model::enemy::EnemyType`
 --> tests\integration_tests.rs:7:50
  |
7 |     use roguelite_dungeon::model::enemy::{Enemy, EnemyType};
  |                                                  ^^^^^^^^^ no `EnemyType` in `model::enemy`
  |
  = help: consider importing this enum instead:
          roguelite_dungeon::model::enemy_type::EnemyType

error[E0061]: this function takes 3 arguments but 4 arguments were supplied
  --> tests\integration_tests.rs:44:23
   |
44 |         let fighter = Enemy::new(EnemyType::Fighter, 50, 50, &difficulty);
   |                       ^^^^^^^^^^                         --  ----------- unexpected argument #4 of type `&Difficulty`
   |                                                          |
   |                                                          expected `f32`, found integer
   |
note: associated function defined here
  --> C:\Users\ilaya\roguelite_dungeon-2\src\model\enemy.rs:45:12
   |
45 |     pub fn new(x: i32, y: i32, speed: f32) -> Self {
   |            ^^^
help: use a float literal
   |
44 |         let fighter = Enemy::new(EnemyType::Fighter, 50, 50.0, &difficulty);
   |                                                            ++
help: remove the extra argument
   |
44 -         let fighter = Enemy::new(EnemyType::Fighter, 50, 50, &difficulty);
44 +         let fighter = Enemy::new(EnemyType::Fighter, 50, /* f32 */);
   |

error[E0609]: no field `health_max` on type `Enemy`
  --> tests\integration_tests.rs:45:44
   |
45 |         assert_eq!(fighter.health, fighter.health_max);
   |                                            ^^^^^^^^^^ unknown field
   |
help: a field with a similar name exists
   |
45 -         assert_eq!(fighter.health, fighter.health_max);
45 +         assert_eq!(fighter.health, fighter.max_health);
   |

error[E0061]: this function takes 3 arguments but 4 arguments were supplied
  --> tests\integration_tests.rs:48:21
   |
48 |         let guard = Enemy::new(EnemyType::Guard, 50, 50, &difficulty);
   |                     ^^^^^^^^^^                       --  ----------- unexpected argument #4 of type `&Difficulty`
   |                                                      |
   |                                                      expected `f32`, found integer
   |
note: associated function defined here
  --> C:\Users\ilaya\roguelite_dungeon-2\src\model\enemy.rs:45:12
   |
45 |     pub fn new(x: i32, y: i32, speed: f32) -> Self {
   |            ^^^
help: use a float literal
   |
48 |         let guard = Enemy::new(EnemyType::Guard, 50, 50.0, &difficulty);
   |                                                        ++
help: remove the extra argument
   |
48 -         let guard = Enemy::new(EnemyType::Guard, 50, 50, &difficulty);
48 +         let guard = Enemy::new(EnemyType::Guard, 50, /* f32 */);
   |

error[E0061]: this function takes 3 arguments but 4 arguments were supplied
   --> tests\integration_tests.rs:194:28
    |
194 |         let fighter_easy = Enemy::new(EnemyType::Fighter, 50, 50, &easy);
    |                            ^^^^^^^^^^                         --  ----- unexpected argument #4 of type `&Difficulty`
    |                                                               |
    |                                                               expected `f32`, found integer
    |
note: associated function defined here
   --> C:\Users\ilaya\roguelite_dungeon-2\src\model\enemy.rs:45:12
    |
 45 |     pub fn new(x: i32, y: i32, speed: f32) -> Self {
    |            ^^^
help: use a float literal
    |
194 |         let fighter_easy = Enemy::new(EnemyType::Fighter, 50, 50.0, &easy);
    |                                                                 ++
help: remove the extra argument
    |
194 -         let fighter_easy = Enemy::new(EnemyType::Fighter, 50, 50, &easy);
194 +         let fighter_easy = Enemy::new(EnemyType::Fighter, 50, /* f32 */);
    |

error[E0061]: this function takes 3 arguments but 4 arguments were supplied
   --> tests\integration_tests.rs:195:30
    |
195 |         let fighter_normal = Enemy::new(EnemyType::Fighter, 50, 50, &normal);
    |                              ^^^^^^^^^^                         --  ------- unexpected argument #4 of type `&Difficulty`
    |                                                                 |
    |                                                                 expected `f32`, found integer
    |
note: associated function defined here
   --> C:\Users\ilaya\roguelite_dungeon-2\src\model\enemy.rs:45:12
    |
 45 |     pub fn new(x: i32, y: i32, speed: f32) -> Self {
    |            ^^^
help: use a float literal
    |
195 |         let fighter_normal = Enemy::new(EnemyType::Fighter, 50, 50.0, &normal);
    |                                                                   ++
help: remove the extra argument
    |
195 -         let fighter_normal = Enemy::new(EnemyType::Fighter, 50, 50, &normal);
195 +         let fighter_normal = Enemy::new(EnemyType::Fighter, 50, /* f32 */);
    |

error[E0061]: this function takes 3 arguments but 4 arguments were supplied
   --> tests\integration_tests.rs:196:28
    |
196 |         let fighter_hard = Enemy::new(EnemyType::Fighter, 50, 50, &hard);
    |                            ^^^^^^^^^^                         --  ----- unexpected argument #4 of type `&Difficulty`
    |                                                               |
    |                                                               expected `f32`, found integer
    |
note: associated function defined here
   --> C:\Users\ilaya\roguelite_dungeon-2\src\model\enemy.rs:45:12
    |
 45 |     pub fn new(x: i32, y: i32, speed: f32) -> Self {
    |            ^^^
help: use a float literal
    |
196 |         let fighter_hard = Enemy::new(EnemyType::Fighter, 50, 50.0, &hard);
    |                                                                 ++
help: remove the extra argument
    |
196 -         let fighter_hard = Enemy::new(EnemyType::Fighter, 50, 50, &hard);
196 +         let fighter_hard = Enemy::new(EnemyType::Fighter, 50, /* f32 */);
    |

error[E0061]: this function takes 3 arguments but 4 arguments were supplied
   --> tests\integration_tests.rs:207:25
    |
207 |         let mut enemy = Enemy::new(EnemyType::Guard, 50, 50, &difficulty);
    |                         ^^^^^^^^^^                       --  ----------- unexpected argument #4 of type `&Difficulty`
    |                                                          |
    |                                                          expected `f32`, found integer
    |
note: associated function defined here
   --> C:\Users\ilaya\roguelite_dungeon-2\src\model\enemy.rs:45:12
    |
 45 |     pub fn new(x: i32, y: i32, speed: f32) -> Self {
    |            ^^^
help: use a float literal
    |
207 |         let mut enemy = Enemy::new(EnemyType::Guard, 50, 50.0, &difficulty);
    |                                                            ++
help: remove the extra argument
    |
207 -         let mut enemy = Enemy::new(EnemyType::Guard, 50, 50, &difficulty);
207 +         let mut enemy = Enemy::new(EnemyType::Guard, 50, /* f32 */);
    |

error[E0624]: method `heuristic` is private
   --> tests\integration_tests.rs:210:30
    |
210 |         let distance = enemy.heuristic(&(50, 50), &(50, 51));
    |                              ^^^^^^^^^ private method
    |
   ::: C:\Users\ilaya\roguelite_dungeon-2\src\model\enemy.rs:252:5
    |
252 |     fn heuristic(&self, a: &Position, b: &Position) -> i32 {
    |     ------------------------------------------------------ private method defined here

error[E0061]: this function takes 3 arguments but 4 arguments were supplied
   --> tests\integration_tests.rs:233:28
    |
233 |         let fighter_easy = Enemy::new(EnemyType::Fighter, 50, 50, &easy);
    |                            ^^^^^^^^^^                         --  ----- unexpected argument #4 of type `&Difficulty`
    |                                                               |
    |                                                               expected `f32`, found integer
    |
note: associated function defined here
   --> C:\Users\ilaya\roguelite_dungeon-2\src\model\enemy.rs:45:12
    |
 45 |     pub fn new(x: i32, y: i32, speed: f32) -> Self {
    |            ^^^
help: use a float literal
    |
233 |         let fighter_easy = Enemy::new(EnemyType::Fighter, 50, 50.0, &easy);
    |                                                                 ++
help: remove the extra argument
    |
233 -         let fighter_easy = Enemy::new(EnemyType::Fighter, 50, 50, &easy);
233 +         let fighter_easy = Enemy::new(EnemyType::Fighter, 50, /* f32 */);
    |

error[E0061]: this function takes 3 arguments but 4 arguments were supplied
   --> tests\integration_tests.rs:234:28
    |
234 |         let fighter_hard = Enemy::new(EnemyType::Fighter, 50, 50, &hard);
    |                            ^^^^^^^^^^                         --  ----- unexpected argument #4 of type `&Difficulty`
    |                                                               |
    |                                                               expected `f32`, found integer
    |
note: associated function defined here
   --> C:\Users\ilaya\roguelite_dungeon-2\src\model\enemy.rs:45:12
    |
 45 |     pub fn new(x: i32, y: i32, speed: f32) -> Self {
    |            ^^^
help: use a float literal
    |
234 |         let fighter_hard = Enemy::new(EnemyType::Fighter, 50, 50.0, &hard);
    |                                                                 ++
help: remove the extra argument
    |
234 -         let fighter_hard = Enemy::new(EnemyType::Fighter, 50, 50, &hard);
234 +         let fighter_hard = Enemy::new(EnemyType::Fighter, 50, /* f32 */);
    |

warning: variable does not need to be mutable
  --> tests\integration_tests.rs:68:13
   |
68 |         let mut character = Character::default();
   |             ----^^^^^^^^^
   |             |
   |             help: remove this `mut`
   |
   = note: `#[warn(unused_mut)]` (part of `#[warn(unused)]`) on by default

Some errors have detailed explanations: E0061, E0432, E0609, E0624.
For more information about an error, try `rustc --explain E0061`.
warning: `roguelite_dungeon` (test "integration_tests") generated 1 warning
error: could not compile `roguelite_dungeon` (test "integration_tests") due to 11 previous errors; 1 warning emitted
